// Jest Snapshot v1, https://goo.gl/fbAQLP

exports[`Component displays correctly 1`] = `
<DocumentFragment>
  <div
    class="p-2 card-container row text-center justify-content-center"
  >
    <div
      class="col-6 col-md-3 bollard-card"
      id="7"
    >
      <a
        href="/details/8"
        style="text-decoration: none;"
      >
        <div
          class="card"
        >
          <div
            class="img-loading-div"
          >
            <div
              class="spinner-grow text-secondary"
              role="status"
            />
          </div>
          <div>
            <img
              alt="bollard"
              class="img-preview"
              src="http://localhost:5000/static/img/bollards_icon/b9c559e2cdd6e8d3.jpg"
            />
          </div>
          <div
            class="card-body bollard-card-text-div"
          >
            <h2
              class="card-title"
            >
              No 7
            </h2>
            <p
              class="card-text"
            >
              <i />
            </p>
          </div>
        </div>
      </a>
    </div>
    <div
      class="col-6 col-md-3 bollard-card"
      id="10"
    >
      <a
        href="/details/11"
        style="text-decoration: none;"
      >
        <div
          class="card"
        >
          <div
            class="img-loading-div"
          >
            <div
              class="spinner-grow text-secondary"
              role="status"
            />
          </div>
          <div>
            <img
              alt="bollard"
              class="img-preview"
              src="http://localhost:5000/static/img/bollards_icon/b673f71ca97afdcf.jpg"
            />
          </div>
          <div
            class="card-body bollard-card-text-div"
          >
            <h2
              class="card-title"
            >
              No 10
            </h2>
            <p
              class="card-text"
            >
              <i>
                Beuffarde
              </i>
            </p>
          </div>
        </div>
      </a>
    </div>
    <div
      class="col-6 col-md-3 bollard-card"
      id="11"
    >
      <a
        href="/details/15"
        style="text-decoration: none;"
      >
        <div
          class="card"
        >
          <div
            class="img-loading-div"
          >
            <div
              class="spinner-grow text-secondary"
              role="status"
            />
          </div>
          <div>
            <img
              alt="bollard"
              class="img-preview"
              src="http://localhost:5000/static/img/bollards_icon/d9093d663fb67db6.jpg"
            />
          </div>
          <div
            class="card-body bollard-card-text-div"
          >
            <h2
              class="card-title"
            >
              No 11
            </h2>
            <p
              class="card-text"
            >
              <i>
                Coin de la Beuffarde
              </i>
            </p>
          </div>
        </div>
      </a>
    </div>
    <div
      class="col-6 col-md-3 bollard-card"
      id="27"
    >
      <a
        href="/details/30"
        style="text-decoration: none;"
      >
        <div
          class="card"
        >
          <div
            class="img-loading-div"
          >
            <div
              class="spinner-grow text-secondary"
              role="status"
            />
          </div>
          <div>
            <img
              alt="bollard"
              class="img-preview"
              src="http://localhost:5000/static/img/bollards_icon/1b5e007272220edb.jpg"
            />
          </div>
          <div
            class="card-body bollard-card-text-div"
          >
            <h2
              class="card-title"
            >
              No 27
            </h2>
            <p
              class="card-text"
            >
              <i />
            </p>
          </div>
        </div>
      </a>
    </div>
    <div
      class="col-6 col-md-3 bollard-card"
      id="28"
    >
      <a
        href="/details/31"
        style="text-decoration: none;"
      >
        <div
          class="card"
        >
          <div
            class="img-loading-div"
          >
            <div
              class="spinner-grow text-secondary"
              role="status"
            />
          </div>
          <div>
            <img
              alt="bollard"
              class="img-preview"
              src="http://localhost:5000/static/img/bollards_icon/91daf6e9e0dc99fd.jpg"
            />
          </div>
          <div
            class="card-body bollard-card-text-div"
          >
            <h2
              class="card-title"
            >
              No 28
            </h2>
            <p
              class="card-text"
            >
              <i />
            </p>
          </div>
        </div>
      </a>
    </div>
    <div
      class="col-6 col-md-3 bollard-card"
      id="33"
    >
      <a
        href="/details/36"
        style="text-decoration: none;"
      >
        <div
          class="card"
        >
          <div
            class="img-loading-div"
          >
            <div
              class="spinner-grow text-secondary"
              role="status"
            />
          </div>
          <div>
            <img
              alt="bollard"
              class="img-preview"
              src="http://localhost:5000/static/img/bollards_icon/84bcd953b6cb9785.jpg"
            />
          </div>
          <div
            class="card-body bollard-card-text-div"
          >
            <h2
              class="card-title"
            >
              No 33
            </h2>
            <p
              class="card-text"
            >
              <i />
            </p>
          </div>
        </div>
      </a>
    </div>
    <div
      class="col-6 col-md-3 bollard-card"
      id="36"
    >
      <a
        href="/details/39"
        style="text-decoration: none;"
      >
        <div
          class="card"
        >
          <div
            class="img-loading-div"
          >
            <div
              class="spinner-grow text-secondary"
              role="status"
            />
          </div>
          <div>
            <img
              alt="bollard"
              class="img-preview"
              src="http://localhost:5000/static/img/bollards_icon/6b6f318eb9701310.jpg"
            />
          </div>
          <div
            class="card-body bollard-card-text-div"
          >
            <h2
              class="card-title"
            >
              No 36
            </h2>
            <p
              class="card-text"
            >
              <i />
            </p>
          </div>
        </div>
      </a>
    </div>
    <div
      class="col-6 col-md-3 bollard-card"
      id="51"
    >
      <a
        href="/details/54"
        style="text-decoration: none;"
      >
        <div
          class="card"
        >
          <div
            class="img-loading-div"
          >
            <div
              class="spinner-grow text-secondary"
              role="status"
            />
          </div>
          <div>
            <img
              alt="bollard"
              class="img-preview"
              src="http://localhost:5000/static/img/bollards_icon/90ed7af297c625fb.jpg"
            />
          </div>
          <div
            class="card-body bollard-card-text-div"
          >
            <h2
              class="card-title"
            >
              No 51
            </h2>
            <p
              class="card-text"
            >
              <i />
            </p>
          </div>
        </div>
      </a>
    </div>
  </div>
</DocumentFragment>
`;
